exports[`test renders correctly 1`] = `
Object {
  "alright": Object {
    "info": Array [
      Object {
        "filePath": "./__tests__/case1/alright.scss",
        "line": null,
        "message": "Linting finish",
      },
    ],
  },
}
`;
